== pythia-6.9b ==
Warning: You are sending unauthenticated requests to the HF Hub. Please set a HF_TOKEN to enable higher rate limits and faster downloads.
Traceback (most recent call last):
  File "/workspace/wdd/exp_z5_kcurve.py", line 102, in <module>
    RES[name] = run(name)
                ^^^^^^^^^
  File "/workspace/wdd/exp_z5_kcurve.py", line 61, in run
    b = build(name, "wikitext", n_eval=N_EVAL)
        ^^^^^^^^^^^^^^^^^^^^^^^^^^^^^^^^^^^^^^
  File "/workspace/wdd/wdd_z_common.py", line 25, in build
    model = AutoModelForCausalLM.from_pretrained(hf, dtype=dt, device_map=DEV).eval()
            ^^^^^^^^^^^^^^^^^^^^^^^^^^^^^^^^^^^^^^^^^^^^^^^^^^^^^^^^^^^^^^^^^^
  File "/venv/main/lib/python3.12/site-packages/transformers/models/auto/auto_factory.py", line 402, in from_pretrained
    return model_class.from_pretrained(
           ^^^^^^^^^^^^^^^^^^^^^^^^^^^^
  File "/venv/main/lib/python3.12/site-packages/transformers/modeling_utils.py", line 4313, in from_pretrained
    loading_info, disk_offload_index = cls._load_pretrained_model(model, state_dict, checkpoint_files, load_config)
                                       ^^^^^^^^^^^^^^^^^^^^^^^^^^^^^^^^^^^^^^^^^^^^^^^^^^^^^^^^^^^^^^^^^^^^^^^^^^^^
  File "/venv/main/lib/python3.12/site-packages/transformers/modeling_utils.py", line 4393, in _load_pretrained_model
    caching_allocator_warmup(model, expanded_device_map, load_config.hf_quantizer)
  File "/venv/main/lib/python3.12/site-packages/transformers/modeling_utils.py", line 5064, in caching_allocator_warmup
    _ = torch.empty(int(byte_count // 2), dtype=torch.float16, device=device, requires_grad=False)
        ^^^^^^^^^^^^^^^^^^^^^^^^^^^^^^^^^^^^^^^^^^^^^^^^^^^^^^^^^^^^^^^^^^^^^^^^^^^^^^^^^^^^^^^^^^
torch.OutOfMemoryError: CUDA out of memory. Tried to allocate 12.77 GiB. GPU 0 has a total capacity of 79.25 GiB of which 3.02 GiB is free. Process 689838 has 2.00 GiB memory in use. Process 692491 has 73.79 GiB memory in use. Process 698037 has 416.00 MiB memory in use. Of the allocated memory 0 bytes is allocated by PyTorch, and 0 bytes is reserved by PyTorch but unallocated. If reserved but unallocated memory is large try setting PYTORCH_CUDA_ALLOC_CONF=expandable_segments:True to avoid fragmentation.  See documentation for Memory Management  (https://docs.pytorch.org/docs/stable/notes/cuda.html#optimizing-memory-usage-with-pytorch-cuda-alloc-conf)
