Warning: You are sending unauthenticated requests to the HF Hub. Please set a HF_TOKEN to enable higher rate limits and faster downloads.
Loading weights:   0%|          | 0/148 [00:00<?, ?it/s]Loading weights: 100%|██████████| 148/148 [00:00<00:00, 3057.36it/s]
building bank...
[transformers] Token indices sequence length is longer than the specified maximum sequence length for this model (2415650 > 1024). Running this sequence through the model will result in indexing errors
  bank 204400 states/level in 36s
  queries 8176; model final CE 3.6897
L 0  knn32: CE 13.629 top1 0.151 agree 0.196   lens: CE 53.129 top1 0.009 agree 0.011 (2s)
L 1  knn32: CE 13.170 top1 0.164 agree 0.208   lens: CE 11.448 top1 0.029 agree 0.057 (1s)
L 2  knn32: CE 13.000 top1 0.170 agree 0.219   lens: CE 10.476 top1 0.036 agree 0.067 (1s)
L 3  knn32: CE 12.774 top1 0.178 agree 0.228   lens: CE 10.179 top1 0.032 agree 0.065 (1s)
L 4  knn32: CE 12.516 top1 0.192 agree 0.250   lens: CE 10.063 top1 0.041 agree 0.082 (1s)
L 5  knn32: CE 12.268 top1 0.201 agree 0.262   lens: CE 9.873 top1 0.054 agree 0.100 (1s)
L 6  knn32: CE 12.038 top1 0.210 agree 0.274   lens: CE 9.340 top1 0.074 agree 0.131 (1s)
L 7  knn32: CE 11.732 top1 0.220 agree 0.289   lens: CE 8.984 top1 0.091 agree 0.159 (1s)
L 8  knn32: CE 11.465 top1 0.232 agree 0.305   lens: CE 8.098 top1 0.134 agree 0.228 (1s)
L 9  knn32: CE 11.209 top1 0.246 agree 0.322   lens: CE 7.441 top1 0.187 agree 0.315 (1s)
L10  knn32: CE 10.878 top1 0.259 agree 0.349   lens: CE 6.636 top1 0.250 agree 0.422 (1s)
L11  knn32: CE 10.597 top1 0.267 agree 0.362   lens: CE 5.257 top1 0.299 agree 0.559 (1s)
L12  knn32: CE 11.829 top1 0.203 agree 0.276   lens: CE 3.690 top1 0.342 agree 1.000 (1s)
== exemplar decodes at L6
  Q: ...' " in the role , and he received critical reviews in The Herald' -> ' ,'
     N: ...' of the time you agree with it . " Writing for The Guardian' -> ' ,'
     N: ...' displayed in the film . Gaurav Malini of The Times' -> ' of'
     N: ...' same expression " in her performances , while The Chronicle' -> " '"
     N: ..."baland on Furtado 's music , and The Guardian" -> ' called'
  Q: ...' , is thought to date from the end of this period , around' -> ' 7'
     N: ...'s eastern side . \n\n\n Built out of earth and around' -> ' fifty'
     N: ...' larger aerodromes . The GA industry , which is around' -> ' 7'
     N: ...' four older children , and two younger children ( one around' -> ' five'
     N: ...'an and Eric Watson , and consists of shots of the duo around' -> ' London'
  Q: ...'isms enabled his installation as the central figure of Chinese poetic history .' -> ' '
     N: ...'ortraits of her fellow parishioners in her religious works .' -> ' She'
     N: ...'he use of different narrative voices and arcane references .' -> ' The'
     N: ...'t was disseminated by the German occupation administration .' -> ' Cinem'
     N: ...'rted , and the gold dollar found a ready place in commerce .' -> ' Silver'
  Q: ...' result his poetry was often cited in Japanese literature in the Muromach' -> 'i'
     N: ...' at the back and top of the sculpture . The Trimurt' -> 'i'
     N: ...' ( 16 @,@ 600 sq ft ) in Maria Valeria' -> ' Street'
     N: ...' The Gangadhara image to the right of the Trimurt' -> 'i'
     N: ...'s few as 315 vehicles traveling east of the Banner – Morrill' -> ' county'
DONE_B
