##### gpt2 wikitext
Loading weights:   0%|          | 0/148 [00:00<?, ?it/s]Loading weights: 100%|██████████| 148/148 [00:00<00:00, 3243.96it/s]
Warning: You are sending unauthenticated requests to the HF Hub. Please set a HF_TOKEN to enable higher rate limits and faster downloads.
gpt2 (gpt2) on wikitext, dev cuda:0
[transformers] Token indices sequence length is longer than the specified maximum sequence length for this model (286177 > 1024). Running this sequence through the model will result in indexing errors
eval tokens 16384
tuned lens: 12 translators
sanity (max |logit diff| of full-mask continuation): {'actual_recon_L0': 0.0, 'actual_recon_L6': 0.0, 'actual_recon_L11': 0.0}
batch 1/8 12s
batch 2/8 17s
batch 3/8 22s
batch 4/8 28s
batch 5/8 33s
batch 6/8 38s
batch 7/8 44s
batch 8/8 49s

gpt2 / wikitext: final CE 3.622; machinery_ok=True
KL(final||lens): lvl   logit     mlp    sink  actual   tuned
  0  49.824   3.938   4.731  -0.000   5.194
  1   7.829   3.339   4.576  -0.000   3.250
  2   6.724   2.944   3.926  -0.000   3.055
  3   6.437   2.459   2.635  -0.000   2.873
  4   6.302   2.253   2.172  -0.000   2.710
  5   6.098   2.092   1.897  -0.000   2.555
  6   5.313   1.723   1.466  -0.000   2.019
  7   4.878   1.389   1.091  -0.000   1.695
  8   3.994   0.966   0.678  -0.000   1.193
  9   3.597   0.675   0.410  -0.000   0.851
 10   3.086   0.387   0.172  -0.000   0.498
 11   1.749   0.248   0.079  -0.000   0.218
CE: lvl   logit     mlp    sink  actual   tuned
  0  53.609   7.930   8.565   3.594   8.987
  1  11.711   7.296   8.414   3.594   7.158
  2  10.663   6.911   7.780   3.594   6.982
  3  10.416   6.471   6.540   3.594   6.813
  4  10.317   6.262   6.117   3.594   6.658
  5  10.143   6.102   5.883   3.594   6.503
  6   9.334   5.725   5.437   3.594   5.941
  7   8.896   5.378   5.043   3.594   5.599
  8   7.876   4.909   4.567   3.594   5.018
  9   7.271   4.532   4.196   3.594   4.583
 10   6.499   4.156   3.860   3.594   4.138
 11   5.158   3.963   3.722   3.594   3.831
mlp beats logit at 12/12; sink beats logit at 12/12
mlp beats tuned at 10/12; sink beats tuned at 10/12
done 49s
##### gpt2 pile
Loading weights:   0%|          | 0/148 [00:00<?, ?it/s]Loading weights: 100%|██████████| 148/148 [00:00<00:00, 1885.29it/s]
Warning: You are sending unauthenticated requests to the HF Hub. Please set a HF_TOKEN to enable higher rate limits and faster downloads.
gpt2 (gpt2) on pile, dev cuda:0
[transformers] Token indices sequence length is longer than the specified maximum sequence length for this model (1581460 > 1024). Running this sequence through the model will result in indexing errors
eval tokens 16384
tuned lens: 12 translators
sanity (max |logit diff| of full-mask continuation): {'actual_recon_L0': 0.0, 'actual_recon_L6': 0.0, 'actual_recon_L11': 0.0}
batch 1/8 17s
batch 2/8 23s
batch 3/8 28s
batch 4/8 33s
batch 5/8 39s
batch 6/8 44s
batch 7/8 49s
batch 8/8 55s

gpt2 / pile: final CE 3.333; machinery_ok=True
KL(final||lens): lvl   logit     mlp    sink  actual   tuned
  0  47.854   3.959   4.419  -0.000   4.747
  1   6.890   3.710   4.294  -0.000   2.613
  2   6.021   3.277   3.755  -0.000   2.437
  3   5.720   2.666   2.330  -0.000   2.237
  4   5.504   2.443   1.821  -0.000   2.057
  5   5.363   2.298   1.584  -0.000   1.919
  6   4.589   1.767   1.175  -0.000   1.540
  7   4.179   1.275   0.890  -0.000   1.276
  8   3.459   0.765   0.554  -0.000   0.922
  9   3.063   0.566   0.370  -0.000   0.679
 10   2.493   0.327   0.160  -0.000   0.396
 11   1.348   0.188   0.071  -0.000   0.181
CE: lvl   logit     mlp    sink  actual   tuned
  0  51.335   7.374   7.671   3.446   7.962
  1  10.260   7.094   7.546   3.446   5.853
  2   9.391   6.665   7.002   3.446   5.684
  3   9.102   6.059   5.662   3.446   5.495
  4   8.883   5.844   5.188   3.446   5.324
  5   8.758   5.701   4.970   3.446   5.194
  6   7.950   5.158   4.551   3.446   4.799
  7   7.533   4.661   4.251   3.446   4.540
  8   6.780   4.167   3.949   3.446   4.200
  9   6.373   3.957   3.748   3.446   3.974
 10   5.778   3.704   3.529   3.446   3.712
 11   4.661   3.545   3.419   3.446   3.530
mlp beats logit at 12/12; sink beats logit at 12/12
mlp beats tuned at 5/12; sink beats tuned at 9/12
done 55s
##### EleutherAI/pythia-410m-deduped wikitext
Warning: You are sending unauthenticated requests to the HF Hub. Please set a HF_TOKEN to enable higher rate limits and faster downloads.
Loading weights:   0%|          | 0/292 [00:00<?, ?it/s]Loading weights:  45%|████▍     | 130/292 [00:00<00:00, 1289.98it/s]Loading weights:  91%|█████████ | 266/292 [00:00<00:00, 1322.92it/s]Loading weights: 100%|██████████| 292/292 [00:00<00:00, 1356.99it/s]
EleutherAI/pythia-410m-deduped (gpt_neox) on wikitext, dev cuda:0
eval tokens 16384
tuned lens: 24 translators
sanity (max |logit diff| of full-mask continuation): {'actual_recon_L0': 0.0, 'actual_recon_L12': 0.0, 'actual_recon_L23': 0.0}
batch 1/8 35s
batch 2/8 54s
batch 3/8 72s
batch 4/8 90s
batch 5/8 108s
batch 6/8 126s
batch 7/8 144s
batch 8/8 162s

EleutherAI/pythia-410m-deduped / wikitext: final CE 3.144; machinery_ok=True
KL(final||lens): lvl   logit     mlp    sink  actual   tuned
  0  10.301   4.908   5.451   0.000   5.052
  1  10.129   4.860   6.199   0.000   4.993
  2   9.761   4.609   6.098   0.000   4.913
  3   9.612   4.524   5.773   0.000   4.628
  4   8.801   4.330   5.443   0.000   4.451
  5   8.118   4.142   4.847   0.000   4.217
  6   7.482   3.824   2.767   0.000   4.043
  7   7.095   3.579   2.494   0.000   3.772
  8   6.717   3.404   2.372   0.000   3.631
  9   6.509   3.244   2.284   0.000   3.476
 10   6.290   2.953   2.040   0.000   3.271
 11   5.530   2.466   1.693   0.000   2.986
 12   5.222   1.991   1.389   0.000   2.607
 13   4.828   1.640   1.090   0.000   2.425
 14   3.574   1.246   0.778   0.000   2.021
 15   3.702   1.101   0.710   0.000   1.888
 16   3.162   1.005   0.654   0.000   1.778
 17   2.611   0.625   0.363   0.000   1.414
 18   2.901   0.317   0.134   0.000   1.171
 19   1.791   0.211   0.080   0.000   1.049
 20   1.438   0.145   0.045   0.000   0.792
 21   1.179   0.095   0.035   0.000   0.633
 22   0.928   0.054   0.017   0.000   0.515
 23   0.551   0.024   0.005   0.000   0.328
CE: lvl   logit     mlp    sink  actual   tuned
  0  13.424   8.241   8.743   3.085   8.404
  1  13.415   8.192   9.490   3.085   8.409
  2  13.083   7.937   9.399   3.085   8.334
  3  12.958   7.853   9.080   3.085   8.036
  4  12.155   7.658   8.763   3.085   7.854
  5  11.476   7.464   8.154   3.085   7.616
  6  10.840   7.134   6.113   3.085   7.448
  7  10.428   6.889   5.832   3.085   7.168
  8  10.018   6.719   5.718   3.085   7.007
  9   9.793   6.569   5.625   3.085   6.838
 10   9.539   6.269   5.358   3.085   6.610
 11   8.757   5.783   5.004   3.085   6.305
 12   8.441   5.298   4.690   3.085   5.926
 13   8.047   4.933   4.372   3.085   5.742
 14   6.761   4.498   4.008   3.085   5.265
 15   6.827   4.352   3.941   3.085   5.145
 16   6.356   4.255   3.891   3.085   5.025
 17   5.834   3.840   3.572   3.085   4.647
 18   6.160   3.491   3.301   3.085   4.365
 19   4.891   3.355   3.221   3.085   4.189
 20   4.575   3.284   3.188   3.085   3.961
 21   4.336   3.221   3.177   3.085   3.790
 22   4.063   3.181   3.160   3.085   3.668
 23   3.637   3.144   3.145   3.085   3.455
mlp beats logit at 24/24; sink beats logit at 24/24
mlp beats tuned at 24/24; sink beats tuned at 18/24
done 162s
##### EleutherAI/pythia-410m-deduped pile
Loading weights:   0%|          | 0/292 [00:00<?, ?it/s]Loading weights:  46%|████▌     | 133/292 [00:00<00:00, 1325.78it/s]Loading weights:  91%|█████████ | 266/292 [00:00<00:00, 1306.89it/s]Loading weights: 100%|██████████| 292/292 [00:00<00:00, 1329.87it/s]
Warning: You are sending unauthenticated requests to the HF Hub. Please set a HF_TOKEN to enable higher rate limits and faster downloads.
EleutherAI/pythia-410m-deduped (gpt_neox) on pile, dev cuda:0
eval tokens 16384
tuned lens: 24 translators
sanity (max |logit diff| of full-mask continuation): {'actual_recon_L0': 0.0, 'actual_recon_L12': 0.0, 'actual_recon_L23': 0.0}
batch 1/8 38s
batch 2/8 56s
batch 3/8 74s
batch 4/8 92s
batch 5/8 110s
batch 6/8 128s
batch 7/8 147s
batch 8/8 165s

EleutherAI/pythia-410m-deduped / pile: final CE 2.839; machinery_ok=True
KL(final||lens): lvl   logit     mlp    sink  actual   tuned
  0  10.653   4.537   4.810   0.000   4.531
  1  10.354   4.393   5.665   0.000   4.058
  2   9.886   4.132   5.321   0.000   3.950
  3   9.497   4.055   4.968   0.000   3.712
  4   8.538   3.803   4.525   0.000   3.459
  5   7.969   3.659   3.951   0.000   3.286
  6   7.050   3.289   1.915   0.000   3.110
  7   6.789   3.126   1.749   0.000   2.969
  8   6.406   2.905   1.644   0.000   2.853
  9   6.356   2.698   1.535   0.000   2.724
 10   6.098   2.453   1.404   0.000   2.623
 11   5.347   2.077   1.181   0.000   2.440
 12   5.128   1.690   0.975   0.000   2.120
 13   4.385   1.332   0.753   0.000   1.929
 14   3.360   1.096   0.640   0.000   1.760
 15   3.504   0.896   0.541   0.000   1.576
 16   2.835   0.781   0.490   0.000   1.452
 17   2.506   0.499   0.276   0.000   1.175
 18   3.057   0.280   0.121   0.000   0.962
 19   1.964   0.196   0.070   0.000   0.790
 20   1.369   0.120   0.032   0.000   0.596
 21   1.248   0.082   0.023   0.000   0.499
 22   0.973   0.050   0.012   0.000   0.366
 23   0.438   0.024   0.004   0.000   0.199
CE: lvl   logit     mlp    sink  actual   tuned
  0  13.481   7.351   7.634   3.104   7.380
  1  13.169   7.219   8.512   3.104   6.889
  2  12.700   6.956   8.155   3.104   6.780
  3  12.312   6.884   7.791   3.104   6.541
  4  11.352   6.635   7.345   3.104   6.283
  5  10.785   6.488   6.779   3.104   6.110
  6   9.859   6.107   4.748   3.104   5.926
  7   9.608   5.947   4.581   3.104   5.794
  8   9.222   5.726   4.478   3.104   5.671
  9   9.165   5.523   4.372   3.104   5.541
 10   8.914   5.277   4.239   3.104   5.449
 11   8.151   4.902   4.015   3.104   5.262
 12   7.929   4.519   3.809   3.104   4.933
 13   7.175   4.163   3.588   3.104   4.737
 14   6.170   3.933   3.479   3.104   4.585
 15   6.318   3.736   3.383   3.104   4.403
 16   5.649   3.621   3.334   3.104   4.280
 17   5.326   3.340   3.124   3.104   4.008
 18   5.880   3.121   2.971   3.104   3.800
 19   4.784   3.036   2.917   3.104   3.627
 20   4.192   2.960   2.874   3.104   3.424
 21   4.081   2.923   2.866   3.104   3.337
 22   3.822   2.892   2.854   3.104   3.207
 23   3.284   2.864   2.844   3.104   3.042
mlp beats logit at 24/24; sink beats logit at 24/24
mlp beats tuned at 15/24; sink beats tuned at 18/24
done 165s
