##### gpt2 pile
Warning: You are sending unauthenticated requests to the HF Hub. Please set a HF_TOKEN to enable higher rate limits and faster downloads.
Loading weights:   0%|          | 0/148 [00:00<?, ?it/s]Loading weights: 100%|██████████| 148/148 [00:00<00:00, 3125.54it/s]
gpt2 (gpt2) on pile, dev cuda:0
[transformers] Token indices sequence length is longer than the specified maximum sequence length for this model (1581460 > 1024). Running this sequence through the model will result in indexing errors
eval tokens 16384
tuned lens: 12 translators
sanity (max |logit diff| of full-mask continuation): {'actual_recon_L0': 0.0, 'actual_recon_L6': 0.0, 'actual_recon_L11': 0.0}
batch 1/8 21s
batch 2/8 30s
batch 3/8 39s
batch 4/8 48s
batch 5/8 58s
batch 6/8 67s
batch 7/8 76s
batch 8/8 85s

gpt2 / pile: final CE 3.333; machinery_ok=True
KL(final||lens): lvl   logit     mlp    sink sinkprev    win4  actual   tuned
  0  47.854   3.959   4.419   3.641   2.846  -0.000   4.747
  1   6.890   3.710   4.294   2.369   1.640  -0.000   2.613
  2   6.021   3.277   3.755   1.819   1.256  -0.000   2.437
  3   5.720   2.666   2.330   1.471   1.190  -0.000   2.237
  4   5.504   2.443   1.821   1.368   1.134  -0.000   2.057
  5   5.363   2.298   1.584   1.316   1.110  -0.000   1.919
  6   4.589   1.767   1.175   1.020   0.871  -0.000   1.540
  7   4.179   1.275   0.890   0.807   0.708  -0.000   1.276
  8   3.459   0.765   0.554   0.513   0.453  -0.000   0.922
  9   3.063   0.566   0.370   0.347   0.319  -0.000   0.679
 10   2.493   0.327   0.160   0.149   0.133  -0.000   0.396
 11   1.348   0.188   0.071   0.061   0.047  -0.000   0.181
CE: lvl   logit     mlp    sink sinkprev    win4  actual   tuned
  0  51.335   7.374   7.671   6.912   6.147   3.446   7.962
  1  10.260   7.094   7.546   5.626   4.902   3.446   5.853
  2   9.391   6.665   7.002   5.095   4.566   3.446   5.684
  3   9.102   6.059   5.662   4.812   4.524   3.446   5.495
  4   8.883   5.844   5.188   4.714   4.474   3.446   5.324
  5   8.758   5.701   4.970   4.666   4.455   3.446   5.194
  6   7.950   5.158   4.551   4.368   4.217   3.446   4.799
  7   7.533   4.661   4.251   4.147   4.045   3.446   4.540
  8   6.780   4.167   3.949   3.896   3.838   3.446   4.200
  9   6.373   3.957   3.748   3.719   3.696   3.446   3.974
 10   5.778   3.704   3.529   3.519   3.502   3.446   3.712
 11   4.661   3.545   3.419   3.411   3.396   3.446   3.530
sinkprev beats tuned at 12/12
win4 beats tuned at 12/12
mlp beats logit at 12/12; sink beats logit at 12/12
mlp beats tuned at 5/12; sink beats tuned at 9/12
done 85s
##### gpt2 wikitext
Warning: You are sending unauthenticated requests to the HF Hub. Please set a HF_TOKEN to enable higher rate limits and faster downloads.
Loading weights:   0%|          | 0/148 [00:00<?, ?it/s]Loading weights: 100%|██████████| 148/148 [00:00<00:00, 3327.60it/s]
gpt2 (gpt2) on wikitext, dev cuda:0
[transformers] Token indices sequence length is longer than the specified maximum sequence length for this model (286177 > 1024). Running this sequence through the model will result in indexing errors
eval tokens 16384
tuned lens: 12 translators
sanity (max |logit diff| of full-mask continuation): {'actual_recon_L0': 0.0, 'actual_recon_L6': 0.0, 'actual_recon_L11': 0.0}
batch 1/8 16s
batch 2/8 25s
batch 3/8 34s
batch 4/8 43s
batch 5/8 53s
batch 6/8 62s
batch 7/8 71s
batch 8/8 81s

gpt2 / wikitext: final CE 3.622; machinery_ok=True
KL(final||lens): lvl   logit     mlp    sink sinkprev    win4  actual   tuned
  0  49.824   3.938   4.731   4.125   3.267  -0.000   5.194
  1   7.829   3.339   4.576   2.841   1.974  -0.000   3.250
  2   6.724   2.944   3.926   2.068   1.554  -0.000   3.055
  3   6.437   2.459   2.635   1.732   1.452  -0.000   2.873
  4   6.302   2.253   2.172   1.634   1.390  -0.000   2.710
  5   6.098   2.092   1.897   1.542   1.336  -0.000   2.555
  6   5.313   1.723   1.466   1.229   1.074  -0.000   2.019
  7   4.878   1.389   1.091   0.956   0.850  -0.000   1.695
  8   3.994   0.966   0.678   0.607   0.551  -0.000   1.193
  9   3.597   0.675   0.410   0.370   0.344  -0.000   0.851
 10   3.086   0.387   0.172   0.145   0.128  -0.000   0.498
 11   1.749   0.248   0.079   0.060   0.045  -0.000   0.218
CE: lvl   logit     mlp    sink sinkprev    win4  actual   tuned
  0  53.609   7.930   8.565   7.967   7.130   3.594   8.987
  1  11.711   7.296   8.414   6.729   5.888   3.594   7.158
  2  10.663   6.911   7.780   5.994   5.481   3.594   6.982
  3  10.416   6.471   6.540   5.679   5.373   3.594   6.813
  4  10.317   6.262   6.117   5.589   5.305   3.594   6.658
  5  10.143   6.102   5.883   5.500   5.247   3.594   6.503
  6   9.334   5.725   5.437   5.178   4.981   3.594   5.941
  7   8.896   5.378   5.043   4.888   4.743   3.594   5.599
  8   7.876   4.909   4.567   4.479   4.392   3.594   5.018
  9   7.271   4.532   4.196   4.143   4.098   3.594   4.583
 10   6.499   4.156   3.860   3.825   3.801   3.594   4.138
 11   5.158   3.963   3.722   3.700   3.680   3.594   3.831
sinkprev beats tuned at 12/12
win4 beats tuned at 12/12
mlp beats logit at 12/12; sink beats logit at 12/12
mlp beats tuned at 10/12; sink beats tuned at 10/12
done 81s
##### EleutherAI/pythia-410m-deduped pile
Warning: You are sending unauthenticated requests to the HF Hub. Please set a HF_TOKEN to enable higher rate limits and faster downloads.
Loading weights:   0%|          | 0/292 [00:00<?, ?it/s]Loading weights:  47%|████▋     | 138/292 [00:00<00:00, 1357.84it/s]Loading weights:  94%|█████████▍| 274/292 [00:00<00:00, 1354.18it/s]Loading weights: 100%|██████████| 292/292 [00:00<00:00, 1371.27it/s]
EleutherAI/pythia-410m-deduped (gpt_neox) on pile, dev cuda:0
eval tokens 16384
tuned lens: 24 translators
sanity (max |logit diff| of full-mask continuation): {'actual_recon_L0': 0.0, 'actual_recon_L12': 0.0, 'actual_recon_L23': 0.0}
batch 1/8 54s
batch 2/8 89s
batch 3/8 123s
batch 4/8 158s
batch 5/8 193s
batch 6/8 228s
batch 7/8 263s
batch 8/8 298s

EleutherAI/pythia-410m-deduped / pile: final CE 2.839; machinery_ok=True
KL(final||lens): lvl   logit     mlp    sink sinkprev    win4  actual   tuned
  0  10.653   4.537   4.810   2.021   1.322   0.000   4.531
  1  10.354   4.393   5.665   2.141   1.398   0.000   4.058
  2   9.886   4.132   5.321   1.980   1.305   0.000   3.950
  3   9.497   4.055   4.968   1.915   1.284   0.000   3.712
  4   8.538   3.803   4.525   1.612   1.118   0.000   3.459
  5   7.969   3.659   3.951   1.520   1.076   0.000   3.286
  6   7.050   3.289   1.915   1.330   0.998   0.000   3.110
  7   6.789   3.126   1.749   1.274   0.953   0.000   2.969
  8   6.406   2.905   1.644   1.241   0.947   0.000   2.853
  9   6.356   2.698   1.535   1.181   0.923   0.000   2.724
 10   6.098   2.453   1.404   1.105   0.869   0.000   2.623
 11   5.347   2.077   1.181   0.954   0.752   0.000   2.440
 12   5.128   1.690   0.975   0.782   0.622   0.000   2.120
 13   4.385   1.332   0.753   0.629   0.520   0.000   1.929
 14   3.360   1.096   0.640   0.534   0.452   0.000   1.760
 15   3.504   0.896   0.541   0.464   0.404   0.000   1.576
 16   2.835   0.781   0.490   0.441   0.401   0.000   1.452
 17   2.506   0.499   0.276   0.252   0.239   0.000   1.175
 18   3.057   0.280   0.121   0.109   0.105   0.000   0.962
 19   1.964   0.196   0.070   0.059   0.053   0.000   0.790
 20   1.369   0.120   0.032   0.022   0.017   0.000   0.596
 21   1.248   0.082   0.023   0.015   0.011   0.000   0.499
 22   0.973   0.050   0.012   0.007   0.004   0.000   0.366
 23   0.438   0.024   0.004   0.002   0.001   0.000   0.199
CE: lvl   logit     mlp    sink sinkprev    win4  actual   tuned
  0  13.481   7.351   7.634   4.831   4.130   3.104   7.380
  1  13.169   7.219   8.512   4.950   4.202   3.104   6.889
  2  12.700   6.956   8.155   4.790   4.111   3.104   6.780
  3  12.312   6.884   7.791   4.728   4.092   3.104   6.541
  4  11.352   6.635   7.345   4.425   3.927   3.104   6.283
  5  10.785   6.488   6.779   4.343   3.890   3.104   6.110
  6   9.859   6.107   4.748   4.150   3.812   3.104   5.926
  7   9.608   5.947   4.581   4.102   3.770   3.104   5.794
  8   9.222   5.726   4.478   4.070   3.765   3.104   5.671
  9   9.165   5.523   4.372   4.010   3.743   3.104   5.541
 10   8.914   5.277   4.239   3.934   3.689   3.104   5.449
 11   8.151   4.902   4.015   3.786   3.575   3.104   5.262
 12   7.929   4.519   3.809   3.614   3.445   3.104   4.933
 13   7.175   4.163   3.588   3.459   3.345   3.104   4.737
 14   6.170   3.933   3.479   3.368   3.279   3.104   4.585
 15   6.318   3.736   3.383   3.300   3.235   3.104   4.403
 16   5.649   3.621   3.334   3.277   3.232   3.104   4.280
 17   5.326   3.340   3.124   3.092   3.074   3.104   4.008
 18   5.880   3.121   2.971   2.954   2.945   3.104   3.800
 19   4.784   3.036   2.917   2.901   2.892   3.104   3.627
 20   4.192   2.960   2.874   2.860   2.853   3.104   3.424
 21   4.081   2.923   2.866   2.854   2.849   3.104   3.337
 22   3.822   2.892   2.854   2.847   2.843   3.104   3.207
 23   3.284   2.864   2.844   2.841   2.840   3.104   3.042
sinkprev beats tuned at 24/24
win4 beats tuned at 24/24
mlp beats logit at 24/24; sink beats logit at 24/24
mlp beats tuned at 15/24; sink beats tuned at 18/24
done 298s
