Warning: You are sending unauthenticated requests to the HF Hub. Please set a HF_TOKEN to enable higher rate limits and faster downloads.
Loading weights:   0%|          | 0/114 [00:00<?, ?it/s]Loading weights:  35%|███▌      | 40/114 [00:00<00:00, 393.80it/s]Loading weights:  72%|███████▏  | 82/114 [00:00<00:00, 392.77it/s]Loading weights: 100%|██████████| 114/114 [00:00<00:00, 432.80it/s]
[transformers] Ignoring clean_up_tokenization_spaces=True for BPE tokenizer GPTNeoXTokenizer. The clean_up_tokenization post-processing step is designed for WordPiece tokenizers and is destructive for BPE (it strips spaces before punctuation). Set clean_up_tokenization_spaces=False to suppress this warning, or set clean_up_tokenization_spaces_for_bpe_even_though_it_will_corrupt_output=True to force cleanup anyway.
token pool 4000; seq_len 48, 512 trials
clean              ppl   14.231  p0:-6.884  p1:-7.334  p2:-7.480  p4:-7.757  p8:-7.859   gap(p0-p1) +0.4497
nz_super_weight    ppl   24.214  p0:-7.308  p1:-5.773  p2:-6.301  p4:-6.681  p8:-6.670   gap(p0-p1) -1.5355
nz_random_n4659    ppl   14.232  p0:-6.885  p1:-7.333  p2:-7.480  p4:-7.757  p8:-7.859   gap(p0-p1) +0.4489

VERDICT {
 "B1_clean_gap_p0_minus_p1": 0.4497,
 "B1_pass": false,
 "B2_p1_to_p2_step": 0.1461,
 "B2_pass": true,
 "B3_gap_with_sw_ablated": -1.5355,
 "B3_shrink_frac": -2.4145,
 "B3_pass": false,
 "B4_gap_with_random_ablated": 0.4489,
 "B4_pass": true,
 "ppl": {
  "clean": 14.231,
  "nz_super_weight": 24.214,
  "nz_random_n4659": 14.232
 }
}
DONE_Y31
