Warning: You are sending unauthenticated requests to the HF Hub. Please set a HF_TOKEN to enable higher rate limits and faster downloads.
1801350 rows loaded [1s]
  20000/1801350 rows -> 1.3M tokens [7s]
  40000/1801350 rows -> 2.7M tokens [13s]
  60000/1801350 rows -> 4.0M tokens [18s]
  80000/1801350 rows -> 5.2M tokens [23s]
  100000/1801350 rows -> 6.6M tokens [28s]
  120000/1801350 rows -> 7.9M tokens [33s]
  140000/1801350 rows -> 9.2M tokens [40s]
  160000/1801350 rows -> 10.5M tokens [45s]
  180000/1801350 rows -> 11.9M tokens [50s]
  200000/1801350 rows -> 13.2M tokens [55s]
  220000/1801350 rows -> 14.6M tokens [60s]
  240000/1801350 rows -> 15.9M tokens [65s]
  260000/1801350 rows -> 17.2M tokens [70s]
  280000/1801350 rows -> 18.5M tokens [77s]
  300000/1801350 rows -> 19.8M tokens [82s]
  320000/1801350 rows -> 21.2M tokens [87s]
  340000/1801350 rows -> 22.5M tokens [93s]
  360000/1801350 rows -> 23.8M tokens [98s]
  380000/1801350 rows -> 25.1M tokens [103s]
  400000/1801350 rows -> 26.4M tokens [108s]
  420000/1801350 rows -> 27.8M tokens [113s]
  440000/1801350 rows -> 29.2M tokens [118s]
  460000/1801350 rows -> 30.5M tokens [123s]
  480000/1801350 rows -> 31.9M tokens [128s]
  500000/1801350 rows -> 33.2M tokens [133s]
  520000/1801350 rows -> 34.5M tokens [138s]
  540000/1801350 rows -> 35.9M tokens [143s]
  560000/1801350 rows -> 37.2M tokens [148s]
  580000/1801350 rows -> 38.5M tokens [153s]
  600000/1801350 rows -> 39.8M tokens [158s]
  620000/1801350 rows -> 41.2M tokens [163s]
  640000/1801350 rows -> 42.4M tokens [168s]
  660000/1801350 rows -> 43.8M tokens [172s]
  680000/1801350 rows -> 45.1M tokens [177s]
  700000/1801350 rows -> 46.4M tokens [183s]
  720000/1801350 rows -> 47.7M tokens [188s]
  740000/1801350 rows -> 49.1M tokens [193s]
  760000/1801350 rows -> 50.4M tokens [198s]
  780000/1801350 rows -> 51.8M tokens [203s]
  800000/1801350 rows -> 53.1M tokens [208s]
  820000/1801350 rows -> 54.5M tokens [213s]
  840000/1801350 rows -> 55.8M tokens [218s]
  860000/1801350 rows -> 57.2M tokens [223s]
  880000/1801350 rows -> 58.6M tokens [228s]
  900000/1801350 rows -> 59.9M tokens [233s]
  920000/1801350 rows -> 61.3M tokens [238s]
  940000/1801350 rows -> 62.6M tokens [243s]
  960000/1801350 rows -> 63.9M tokens [248s]
  980000/1801350 rows -> 65.2M tokens [253s]
  1000000/1801350 rows -> 66.5M tokens [258s]
  1020000/1801350 rows -> 67.8M tokens [263s]
  1040000/1801350 rows -> 69.2M tokens [268s]
  1060000/1801350 rows -> 70.5M tokens [273s]
  1080000/1801350 rows -> 71.8M tokens [278s]
  1100000/1801350 rows -> 73.2M tokens [283s]
  1120000/1801350 rows -> 74.5M tokens [288s]
  1140000/1801350 rows -> 75.8M tokens [293s]
  1160000/1801350 rows -> 77.2M tokens [298s]
  1180000/1801350 rows -> 78.5M tokens [302s]
  1200000/1801350 rows -> 79.9M tokens [310s]
  1220000/1801350 rows -> 81.2M tokens [315s]
  1240000/1801350 rows -> 82.5M tokens [320s]
  1260000/1801350 rows -> 83.9M tokens [325s]
  1280000/1801350 rows -> 85.2M tokens [330s]
  1300000/1801350 rows -> 86.5M tokens [335s]
  1320000/1801350 rows -> 87.8M tokens [340s]
  1340000/1801350 rows -> 89.1M tokens [345s]
  1360000/1801350 rows -> 90.5M tokens [350s]
  1380000/1801350 rows -> 91.9M tokens [355s]
  1400000/1801350 rows -> 93.2M tokens [361s]
  1420000/1801350 rows -> 94.5M tokens [365s]
  1440000/1801350 rows -> 95.9M tokens [370s]
  1460000/1801350 rows -> 97.2M tokens [375s]
  1480000/1801350 rows -> 98.6M tokens [381s]
  1500000/1801350 rows -> 99.9M tokens [386s]
  1520000/1801350 rows -> 101.2M tokens [391s]
  1540000/1801350 rows -> 102.6M tokens [396s]
  1560000/1801350 rows -> 103.8M tokens [401s]
  1580000/1801350 rows -> 105.1M tokens [406s]
  1600000/1801350 rows -> 106.5M tokens [411s]
  1620000/1801350 rows -> 107.8M tokens [416s]
  1640000/1801350 rows -> 109.1M tokens [421s]
  1660000/1801350 rows -> 110.5M tokens [426s]
  1680000/1801350 rows -> 111.8M tokens [432s]
  1700000/1801350 rows -> 113.2M tokens [438s]
  1720000/1801350 rows -> 114.5M tokens [442s]
  1740000/1801350 rows -> 115.8M tokens [447s]
  1760000/1801350 rows -> 117.1M tokens [453s]
  1780000/1801350 rows -> 118.5M tokens [458s]
  1800000/1801350 rows -> 119.8M tokens [463s]
  1820000/1801350 rows -> 119.9M tokens [464s]
saved 119.9M tokens to /data/mechinterp/trainfree/wt103_olmo_tokens.npy [465s]
DONE_PREP
